Sat Jun 13 00:52:33 UTC 2026
Sun Jun 14 03:54:09 UTC 2026
Mon Jun 15 04:06:13 UTC 2026
Tue Jun 16 03:56:08 UTC 2026
Wed Jun 17 03:57:06 UTC 2026
Thu Jun 18 03:44:13 UTC 2026
Fri Jun 19 04:07:56 UTC 2026
Sat Jun 20 03:31:02 UTC 2026
Sun Jun 21 04:01:30 UTC 2026
Mon Jun 22 04:02:41 UTC 2026
Tue Jun 23 03:24:10 UTC 2026
Wed Jun 24 03:25:44 UTC 2026
Thu Jun 25 03:23:28 UTC 2026
Fri Jun 26 03:31:49 UTC 2026
Sat Jun 27 02:54:40 UTC 2026
Sun Jun 28 03:37:20 UTC 2026
Mon Jun 29 03:41:50 UTC 2026
Tue Jun 30 03:30:04 UTC 2026
Wed Jul  1 03:38:46 UTC 2026
Thu Jul  2 03:24:19 UTC 2026
Fri Jul  3 02:47:10 UTC 2026
Sat Jul  4 02:43:13 UTC 2026
Sun Jul  5 02:53:41 UTC 2026
Mon Jul  6 03:20:39 UTC 2026
Tue Jul  7 02:54:04 UTC 2026
Wed Jul  8 02:30:52 UTC 2026
Thu Jul  9 02:48:06 UTC 2026
Fri Jul 10 02:50:44 UTC 2026
Sat Jul 11 02:28:36 UTC 2026
Sun Jul 12 02:33:56 UTC 2026
Mon Jul 13 02:35:34 UTC 2026
Tue Jul 14 02:20:22 UTC 2026
Wed Jul 15 02:12:42 UTC 2026
Thu Jul 16 02:25:29 UTC 2026
Fri Jul 17 02:28:38 UTC 2026
Sat Jul 18 02:13:46 UTC 2026
Sun Jul 19 02:31:05 UTC 2026
Mon Jul 20 02:46:23 UTC 2026
Tue Jul 21 02:29:27 UTC 2026
Wed Jul 22 02:27:58 UTC 2026
Thu Jul 23 02:32:45 UTC 2026
Fri Jul 24 02:29:40 UTC 2026
Sat Jul 25 02:28:13 UTC 2026
Sun Jul 26 02:34:50 UTC 2026
Mon Jul 27 02:42:57 UTC 2026
Tue Jul 28 02:22:55 UTC 2026
Wed Jul 29 02:27:02 UTC 2026
Thu Jul 30 02:09:26 UTC 2026
Fri Jul 31 02:37:12 UTC 2026
Sat Aug  1 02:36:00 UTC 2026
Sun Aug  2 02:34:52 UTC 2026
Mon Aug  3 02:36:18 UTC 2026
Tue Aug  4 02:21:03 UTC 2026
Wed Aug  5 02:20:40 UTC 2026
Thu Aug  6 02:23:27 UTC 2026
Fri Aug  7 02:33:15 UTC 2026
Sat Aug  8 01:22:39 UTC 2026
Sun Aug  9 01:28:00 UTC 2026
Mon Aug 10 01:37:51 UTC 2026
Tue Aug 11 01:27:19 UTC 2026
Wed Aug 12 01:45:20 UTC 2026
Thu Aug 13 01:47:32 UTC 2026
Fri Aug 14 01:45:32 UTC 2026
Sat Aug 15 01:05:42 UTC 2026
Sun Aug 16 01:09:25 UTC 2026
Mon Aug 17 01:06:55 UTC 2026
Tue Aug 18 01:04:55 UTC 2026
Wed Aug 19 01:06:05 UTC 2026
Thu Aug 20 01:05:13 UTC 2026
Fri Aug 21 01:08:56 UTC 2026
Sat Aug 22 01:05:26 UTC 2026
Sun Aug 23 01:10:37 UTC 2026
Mon Aug 24 01:08:18 UTC 2026
Tue Aug 25 01:07:04 UTC 2026
Wed Aug 26 01:09:11 UTC 2026
Thu Aug 27 07:18:23 UTC 2026
Fri Aug 28 09:32:17 UTC 2026
Sat Aug 29 05:38:34 UTC 2026
Sun Aug 30 03:38:30 UTC 2026
Mon Aug 31 03:38:44 UTC 2026
Tue Sep  1 03:34:32 UTC 2026
Wed Sep  2 02:52:47 UTC 2026
Thu Sep  3 02:56:57 UTC 2026
Fri Sep  4 02:55:37 UTC 2026
Sat Sep  5 02:57:35 UTC 2026
Sun Sep  6 02:56:28 UTC 2026
